TAP version 13
# Subtest: 探针旗契约：阴性 false；首指针前 running 置真（构造即 running 路径）；置真不复位；首指针后不置旗
ok 1 - 探针旗契约：阴性 false；首指针前 running 置真（构造即 running 路径）；置真不复位；首指针后不置旗
  ---
  duration_ms: 1599.3915
  type: 'test'
  ...
# Subtest: 探针缺失时旗读取返回 null（None→fail 语义前提不因旗修订漂移）
ok 2 - 探针缺失时旗读取返回 null（None→fail 语义前提不因旗修订漂移）
  ---
  duration_ms: 798.685
  type: 'test'
  ...
# Subtest: B-like（noAudio）5 连跑：快速质检全 pass exit 0（旗阴性不误报，接线回归）
ok 3 - B-like（noAudio）5 连跑：快速质检全 pass exit 0（旗阴性不误报，接线回归）
  ---
  duration_ms: 16565.5623
  type: 'test'
  ...
# Subtest: 慢桥（PF 桥 ~1200ms 后装配）3 连跑：快速质检等待桥就绪，CHK04 稳定 pass
ok 4 - 慢桥（PF 桥 ~1200ms 后装配）3 连跑：快速质检等待桥就绪，CHK04 稳定 pass
  ---
  duration_ms: 15023.2113
  type: 'test'
  ...
1..4
# tests 4
# suites 0
# pass 4
# fail 0
# cancelled 0
# skipped 0
# todo 0
# duration_ms 34974.2095
