[PASS] applovin: build exit 0
[PASS] applovin: 产物存在（单文件 index.html）
       目录内容: index.html
[PASS] applovin: ≤5MB（实际 2253 B ≤ 5242880）
[PASS] applovin: 白名单外零 http 外链（landingUrl 除外）
[PASS] applovin: mraid.js 已按规则注入（相对引用，非外链）
[PASS] applovin: 资源已内联（≥3 处 base64 data URI）
[PASS] meta: build exit 0
[PASS] meta: ≤3MB（实际 2220 B ≤ 3145728）
[PASS] meta: 白名单外零 http 外链
[PASS] meta: 无 MRAID 引用（渠道禁用）
[PASS] mintegral: build exit 0
[PASS] mintegral: 产物为 zip
       目录内容: golden-match3-en.zip
[PASS] mintegral: zip ≤5MB（实际 1424 B ≤ 5242880）
[PASS] mintegral: 包内结构恰为 [build.js, Template.html]
       实际条目: Template.html, build.js
[PASS] mintegral: Template.html 以相对路径引用 build.js
[PASS] mintegral: 条目内白名单外零外链
[PASS] mintegral: Template.html 资源内联（含 base64 data URI）
[PASS] mintegral: 系统 tar 交叉验证通过（条目名/入口引用/CRC）
[PASS] google: build exit 0
[PASS] google: 产物为 zip
       目录内容: golden-match3-en.zip
[PASS] google: zip ≤5MB（实际 1281 B ≤ 5242880）
[PASS] google: 包内结构恰为 [index.html]
       实际条目: index.html
[PASS] google: 白名单外零外链
[PASS] google: 资源已内联（含 base64 data URI）
[PASS] google: 无 mraid/js-sdk 运行时注入（规则库声明为空）
[PASS] unity: build exit 0
[PASS] unity: 产物为 zip
       目录内容: golden-match3-en.zip
[PASS] unity: zip ≤5MB（实际 1296 B ≤ 5242880）
[PASS] unity: 包内结构恰为 [index.html]
       实际条目: index.html
[PASS] unity: mraid.js 已按规则注入（相对引用，容器提供，不占包内条目）
[PASS] unity: 白名单外零外链
[PASS] unity: 资源已内联（含 base64 data URI）
[PASS] tiktok: build exit 0
[PASS] tiktok: 产物为 zip
       目录内容: golden-match3-en.zip
[PASS] tiktok: zip ≤5MB（实际 1958 B ≤ 5242880）
[PASS] tiktok: 包内结构恰为 [config.json, index.html, js-sdk.js]
       实际条目: config.json, index.html, js-sdk.js
[PASS] tiktok: 入口以相对路径引用 js-sdk.js（规则库注入项）
[PASS] tiktok: js-sdk 桩兜底定义 window.openAppStore（容器已实现时让位）
[PASS] tiktok: config.json 可解析
       {
  "version": "1.0.0",
  "orientation": "portrait",
  "gameName": "Gem Rush (Playable Demo)"
}

[PASS] tiktok: config.json 含 spec 派生字段（orientation/gameName）
       orientation=portrait gameName=Gem Rush (Playable Demo)
[PASS] tiktok: 条目内白名单外零外链
[PASS] tiktok: 入口资源已内联（含 base64 data URI）
[PASS] applovin: 重复构建字节可复现
[PASS] 负向: dist 混入 http 外链资源 → 拒绝
       [packager] 失败: dist 内出现带协议的引用 "https://cdn.example.com/leak.png"（外链禁止，请先内联或移除）
[PASS] 负向: meta 产物混入 MRAID → 拒绝
       [packager] 失败: index.html 引用了 MRAID，而渠道 meta 禁用 MRAID: mraid.open
[PASS] 负向: 未知渠道（not-a-channel）→ 拒绝
       [packager] 失败: 规则库中没有渠道 "not-a-channel"（现有: preview, applovin, meta, mintegral, google, unity, tiktok）

全部自验收断言通过（exit 0）
