
> pf-factory@0.1.0 verify:assets
> node scripts/verify-reused-assets.mjs

MATCH  packages/spec/playable-spec.schema.json (13744B)
MATCH  channel-rules/channel-rules.json (8169B)
MATCH  specs-eval/golden-match3.json (3315B)
MATCH  specs-eval/golden-merge.json (3340B)
MATCH  specs-eval/golden-pullpin.json (3147B)
MATCH  specs-eval/golden-sort.json (3147B)
MATCH  specs-eval/demo-zh.json (1792B)
MATCH  specs-eval/spike-manifest.json (3142B)
MATCH  specs-eval/bad/01-missing-field.json (905B)
MATCH  specs-eval/bad/02-pullpin-unsolvable.json (1218B)
MATCH  specs-eval/bad/03-duration-over-budget.json (1122B)
MATCH  specs-eval/bad/04-missing-locale-strings.json (1153B)
MATCH  specs-eval/bad/05-bad-url.json (1124B)
MATCH  specs-eval/bad/06-unknown-template.json (1008B)
MATCH  specs-eval/assets/demo-zh/piece-0.png (893B)
MATCH  packages/templates/vendor/engine.js (1207764B)
MATCH  packages/packager/test/fixture/gen-pngs.mjs (1985B)
MATCH  packages/packager/test/fixture/match3-dist/index.html (524B)
MATCH  packages/packager/test/fixture/match3-dist/css/style.css (747B)
MATCH  packages/packager/test/fixture/match3-dist/js/game.js (1463B)
MATCH  packages/packager/test/fixture/match3-dist/img/bg.png (99B)
MATCH  packages/packager/test/fixture/match3-dist/img/piece-0.png (79B)
MATCH  packages/packager/test/fixture/match3-dist/img/piece-1.png (79B)
MATCH  packages/packager/test/fixture/match3-dist/img/piece-2.png (79B)
MATCH  docs/specs/packager.md (17191B)
MATCH  packages/engine-bridge/test/channels.test.mjs (7415B)
MATCH  packages/engine-bridge/test/events.test.mjs (3973B)
MATCH  packages/engine-bridge/test/mute.test.mjs (4513B)
MATCH  packages/engine-bridge/test/index.js (707B)
MATCH  packages/engine-bridge/test/run.mjs (745B)
MATCH  packages/engine-bridge/testsupport/fixture.mjs (4210B)
MATCH  docs/specs/engine-bridge.md (11193B)
MATCH  packages/spec/test/ajv-check.mjs (2724B)
MATCH  docs/specs/templates.md (11087B)
MATCH  docs/specs/match3-rules-card.md (19509B)
MATCH  packages/templates/tmpl-match3/tests/logic-test.ts (3545B)
MATCH  packages/templates/tmpl-merge/tests/logic-test.ts (5255B)
MATCH  docs/specs/qacore.md (20230B)
MATCH  qacore/tests/fixtures/mini.html (2220B)
MATCH  docs/specs/orchestrator.md (9068B)
MATCH  docs/specs/pipeline-contract.md (15142B)
verify-reused-assets: 41 项已核对
verify-reused-assets: OK
