========================================================================
批次 3 出口门（gate-m3 · 差分终审门）：M1/M2 回归 + 差分报告零回归 + 行为流差分 + 中性名
仓库根   : D:\workspace\澄迈8项目\可玩的小游戏广告\factory
Node     : v22.23.2
启动时刻 : 2026-09-30T08:37:26.552Z
========================================================================

[1/4] GATE-M1 回归（批次 1 出口门全量子进程）
  [PASS] gate-m1.mjs（批次 1 出口门全量子进程回归）：exit 0（0=过）
  [PASS] GATE-M1 横幅对账：5/5 门项全绿（实际 5/5）
  （本门项 23.5s）

[2/4] GATE-M2 回归（批次 2 出口门全量子进程，含 48 包矩阵）
  [PASS] gate-m2.mjs（批次 2 出口门全量子进程回归：logic/autoplay + 48 包矩阵）：exit 0（0=过）
  [PASS] GATE-M2 横幅对账：4/4 门项全绿（实际 4/4）
  [PASS] 矩阵 totals 对账：48/0/0（实际 48/0/0）
  （本门项 581.9s）

[3/4] 差分报告零回归 + D-2① 行为流差分证据（4×3 全等）
  [PASS] 差分报告存在：docs/diff/differential-report.json（生成于 2026-09-30T08:29:39.136Z）
  [PASS] 差分 summary 零回归：regressions=0 pass=true（应 0/true）
  [PASS] 台账与 summary 一致：ledger regression 分类 0 项 = summary.regressions=0
  [PASS] F1/D1 校验裁定差分条目在位（M1-01）
  [PASS] F4/D-2① 行为流差分条目在位（D2-01）
  [PASS] F7 退出码差分条目在位（CLI-A/CLI-B）
  [PASS] 行为流差分（4 模板 × 3 seed）：verdict=PASS（行为流等价） cells=12 equal=12 regressions=0（应 PASS/12/12/0；胜负必等 + 手势数 ±1 + 事件链有序 + 折叠序列全等）
  （本门项 0.0s）

[4/4] 中性名扫描（入库树零上游名命中）
  [PASS] 扫描 186 个入库文件（共 186）× 5 词（大小写不敏感子串，路径+内容）：命中 0 处
  （本门项 0.2s）

========================================================================
GATE-M3: PASS（4/4 门项全绿，墙钟 605.6s）
批次 3 出口门通过：M1/M2 全量回归绿 + 差分报告零回归 + 四模板×3 seed 行为流等价 + 中性名零命中。
