[make] validate OK：golden-match3.json
[make] 素材管线：assetkit 模块未落地（批次 3），跳过优化直通（等价 --no-assetkit；原始素材照常内联）
[make] 构建完成：golden-match3-en.html（dist=dist/）
[make] 打包 applovin/en：index.html 1,242,934B / 上限 5,242,880B（警告 0）
[make] 打包 meta/en：index.html 1,242,901B / 上限 3,145,728B（警告 0）
[make] 打包 mintegral/en：golden-match3-en.zip 343,440B / 上限 5,242,880B（警告 0）
[make] 判官 applovin：10 项（fail 0，pf:end 25455ms win=true）
[make] 预览链接（手机同一局域网可开）：http://192.168.0.215:8621/preview/golden-match3-en.html
[make] 汇总页：D:\workspace\澄迈8项目\可玩的小游戏广告\factory\artifacts\demo-prebuilt\index.html
[make] 兜底目录：D:\workspace\澄迈8项目\可玩的小游戏广告\factory\artifacts\demo-prebuilt（静态可伺服；渠道包/报告/二维码/汇总页已整体复制）
[make] 计时：make 墙钟 33.3s；spec 修改完成→二维码可扫 18448.8s（spec mtime 口径，目标 ≤90s）
[make] 静态伺服：已在 0.0.0.0:8621 启动（本进程退出后仍存活；手机打不开时放行防火墙或改用手机热点）
[7m  [0m[7m  [0m[7m  [0m[7m  [0m[7m  [0m[7m  [0m[7m  [0m[7m  [0m[7m  [0m[7m  [0m[7m  [0m[7m  [0m[7m  [0m[7m  [0m[7m  [0m[7m  [0m[7m  [0m[7m  [0m[7m  [0m[7m  [0m[7m  [0m[7m  [0m[7m  [0m[7m  [0m[7m  [0m[7m  [0m[7m  [0m[7m  [0m[7m  [0m[7m  [0m[7m  [0m[7m  [0m[7m  [0m[7m  [0m[7m  [0m[7m  [0m[7m  [0m
[7m  [0m[7m  [0m[7m  [0m[7m  [0m[7m  [0m[7m  [0m[7m  [0m[7m  [0m[7m  [0m[7m  [0m[7m  [0m[7m  [0m[7m  [0m[7m  [0m[7m  [0m[7m  [0m[7m  [0m[7m  [0m[7m  [0m[7m  [0m[7m  [0m[7m  [0m[7m  [0m[7m  [0m[7m  [0m[7m  [0m[7m  [0m[7m  [0m[7m  [0m[7m  [0m[7m  [0m[7m  [0m[7m  [0m[7m  [0m[7m  [0m[7m  [0m[7m  [0m
[7m  [0m[7m  [0m[7m  [0m[7m  [0m[7m  [0m[7m  [0m[7m  [0m[7m  [0m[7m  [0m▉▉[7m  [0m▉▉[7m  [0m[7m  [0m▉▉[7m  [0m▉▉[7m  [0m[7m  [0m[7m  [0m[7m  [0m▉▉▉▉▉▉▉▉▉▉▉▉▉▉[7m  [0m[7m  [0m[7m  [0m[7m  [0m[7m  [0m[7m  [0m[7m  [0m[7m  [0m[7m  [0m
[7m  [0m[7m  [0m[7m  [0m▉▉▉▉▉▉▉▉▉▉[7m  [0m▉▉[7m  [0m▉▉[7m  [0m▉▉[7m  [0m[7m  [0m▉▉[7m  [0m[7m  [0m▉▉[7m  [0m▉▉▉▉▉▉▉▉▉▉▉▉▉▉[7m  [0m▉▉▉▉▉▉▉▉▉▉[7m  [0m[7m  [0m[7m  [0m
[7m  [0m[7m  [0m[7m  [0m▉▉[7m  [0m[7m  [0m[7m  [0m▉▉[7m  [0m▉▉▉▉[7m  [0m▉▉▉▉[7m  [0m▉▉▉▉▉▉▉▉[7m  [0m▉▉[7m  [0m▉▉▉▉▉▉[7m  [0m[7m  [0m▉▉[7m  [0m▉▉[7m  [0m[7m  [0m[7m  [0m▉▉[7m  [0m[7m  [0m[7m  [0m
[7m  [0m[7m  [0m[7m  [0m▉▉[7m  [0m[7m  [0m[7m  [0m▉▉[7m  [0m▉▉[7m  [0m[7m  [0m[7m  [0m▉▉[7m  [0m▉▉[7m  [0m▉▉[7m  [0m▉▉▉▉▉▉▉▉[7m  [0m[7m  [0m[7m  [0m▉▉▉▉[7m  [0m▉▉[7m  [0m[7m  [0m[7m  [0m▉▉[7m  [0m[7m  [0m[7m  [0m
[7m  [0m[7m  [0m[7m  [0m▉▉[7m  [0m[7m  [0m[7m  [0m▉▉[7m  [0m▉▉▉▉[7m  [0m▉▉▉▉[7m  [0m[7m  [0m[7m  [0m▉▉▉▉[7m  [0m▉▉▉▉[7m  [0m▉▉[7m  [0m[7m  [0m[7m  [0m▉▉[7m  [0m▉▉[7m  [0m[7m  [0m[7m  [0m▉▉[7m  [0m[7m  [0m[7m  [0m
[7m  [0m[7m  [0m[7m  [0m▉▉▉▉▉▉▉▉▉▉[7m  [0m▉▉▉▉▉▉▉▉[7m  [0m▉▉▉▉▉▉▉▉▉▉[7m  [0m[7m  [0m[7m  [0m▉▉▉▉▉▉▉▉[7m  [0m▉▉[7m  [0m▉▉▉▉▉▉▉▉▉▉[7m  [0m[7m  [0m[7m  [0m
[7m  [0m[7m  [0m[7m  [0m[7m  [0m[7m  [0m[7m  [0m[7m  [0m[7m  [0m[7m  [0m▉▉[7m  [0m▉▉[7m  [0m▉▉[7m  [0m▉▉[7m  [0m▉▉[7m  [0m▉▉[7m  [0m▉▉[7m  [0m▉▉[7m  [0m▉▉[7m  [0m▉▉[7m  [0m[7m  [0m[7m  [0m[7m  [0m[7m  [0m[7m  [0m[7m  [0m[7m  [0m[7m  [0m
[7m  [0m[7m  [0m▉▉▉▉▉▉▉▉▉▉▉▉▉▉▉▉[7m  [0m[7m  [0m▉▉▉▉▉▉[7m  [0m▉▉▉▉▉▉[7m  [0m[7m  [0m▉▉[7m  [0m[7m  [0m[7m  [0m▉▉▉▉▉▉▉▉▉▉▉▉▉▉▉▉▉▉▉▉[7m  [0m[7m  [0m
[7m  [0m[7m  [0m[7m  [0m▉▉[7m  [0m[7m  [0m▉▉[7m  [0m[7m  [0m[7m  [0m▉▉▉▉▉▉▉▉[7m  [0m[7m  [0m[7m  [0m▉▉▉▉▉▉[7m  [0m[7m  [0m▉▉▉▉▉▉[7m  [0m▉▉▉▉[7m  [0m▉▉▉▉[7m  [0m▉▉[7m  [0m[7m  [0m[7m  [0m[7m  [0m
[7m  [0m[7m  [0m[7m  [0m▉▉[7m  [0m▉▉[7m  [0m▉▉▉▉▉▉[7m  [0m▉▉[7m  [0m[7m  [0m[7m  [0m▉▉[7m  [0m[7m  [0m[7m  [0m▉▉▉▉[7m  [0m[7m  [0m▉▉[7m  [0m[7m  [0m▉▉[7m  [0m[7m  [0m▉▉[7m  [0m[7m  [0m[7m  [0m[7m  [0m▉▉[7m  [0m[7m  [0m
[7m  [0m[7m  [0m[7m  [0m▉▉▉▉▉▉▉▉▉▉[7m  [0m▉▉[7m  [0m[7m  [0m▉▉[7m  [0m▉▉▉▉[7m  [0m▉▉[7m  [0m[7m  [0m▉▉▉▉▉▉[7m  [0m▉▉[7m  [0m[7m  [0m▉▉▉▉[7m  [0m[7m  [0m[7m  [0m▉▉▉▉[7m  [0m[7m  [0m[7m  [0m
[7m  [0m[7m  [0m[7m  [0m▉▉[7m  [0m▉▉▉▉▉▉▉▉[7m  [0m[7m  [0m▉▉[7m  [0m[7m  [0m▉▉[7m  [0m[7m  [0m▉▉[7m  [0m▉▉[7m  [0m[7m  [0m▉▉[7m  [0m▉▉▉▉▉▉[7m  [0m▉▉[7m  [0m[7m  [0m[7m  [0m▉▉▉▉[7m  [0m[7m  [0m[7m  [0m
[7m  [0m[7m  [0m[7m  [0m▉▉▉▉▉▉▉▉▉▉[7m  [0m[7m  [0m▉▉[7m  [0m[7m  [0m▉▉[7m  [0m▉▉▉▉▉▉▉▉▉▉[7m  [0m▉▉▉▉[7m  [0m▉▉▉▉[7m  [0m[7m  [0m▉▉▉▉▉▉[7m  [0m▉▉▉▉[7m  [0m[7m  [0m[7m  [0m
[7m  [0m[7m  [0m▉▉▉▉▉▉▉▉[7m  [0m▉▉▉▉▉▉▉▉▉▉[7m  [0m[7m  [0m[7m  [0m[7m  [0m▉▉▉▉[7m  [0m▉▉[7m  [0m▉▉[7m  [0m[7m  [0m▉▉[7m  [0m[7m  [0m[7m  [0m[7m  [0m[7m  [0m▉▉[7m  [0m[7m  [0m[7m  [0m▉▉[7m  [0m[7m  [0m
[7m  [0m[7m  [0m▉▉▉▉[7m  [0m[7m  [0m[7m  [0m[7m  [0m[7m  [0m▉▉[7m  [0m▉▉[7m  [0m[7m  [0m[7m  [0m▉▉▉▉[7m  [0m[7m  [0m▉▉[7m  [0m[7m  [0m[7m  [0m▉▉[7m  [0m[7m  [0m▉▉[7m  [0m▉▉[7m  [0m▉▉[7m  [0m▉▉▉▉▉▉[7m  [0m[7m  [0m
[7m  [0m[7m  [0m[7m  [0m[7m  [0m[7m  [0m[7m  [0m[7m  [0m▉▉▉▉▉▉[7m  [0m[7m  [0m▉▉[7m  [0m▉▉[7m  [0m[7m  [0m▉▉[7m  [0m▉▉[7m  [0m[7m  [0m▉▉[7m  [0m[7m  [0m▉▉▉▉▉▉[7m  [0m[7m  [0m[7m  [0m▉▉[7m  [0m▉▉▉▉[7m  [0m[7m  [0m
[7m  [0m[7m  [0m[7m  [0m▉▉▉▉▉▉[7m  [0m▉▉[7m  [0m[7m  [0m[7m  [0m[7m  [0m[7m  [0m[7m  [0m[7m  [0m▉▉▉▉[7m  [0m[7m  [0m[7m  [0m▉▉[7m  [0m[7m  [0m▉▉▉▉▉▉[7m  [0m▉▉[7m  [0m▉▉[7m  [0m▉▉▉▉▉▉▉▉[7m  [0m[7m  [0m
[7m  [0m[7m  [0m[7m  [0m▉▉[7m  [0m▉▉▉▉[7m  [0m▉▉[7m  [0m▉▉[7m  [0m▉▉▉▉[7m  [0m[7m  [0m[7m  [0m▉▉▉▉[7m  [0m[7m  [0m[7m  [0m▉▉[7m  [0m[7m  [0m▉▉▉▉[7m  [0m▉▉[7m  [0m▉▉[7m  [0m▉▉▉▉▉▉[7m  [0m[7m  [0m
[7m  [0m[7m  [0m[7m  [0m[7m  [0m[7m  [0m▉▉[7m  [0m[7m  [0m[7m  [0m[7m  [0m[7m  [0m▉▉▉▉▉▉[7m  [0m▉▉▉▉[7m  [0m▉▉[7m  [0m▉▉▉▉▉▉▉▉▉▉[7m  [0m▉▉[7m  [0m[7m  [0m▉▉[7m  [0m▉▉[7m  [0m[7m  [0m[7m  [0m[7m  [0m[7m  [0m
[7m  [0m[7m  [0m[7m  [0m▉▉[7m  [0m[7m  [0m▉▉[7m  [0m▉▉▉▉[7m  [0m▉▉▉▉▉▉▉▉[7m  [0m▉▉[7m  [0m▉▉▉▉▉▉[7m  [0m[7m  [0m[7m  [0m[7m  [0m[7m  [0m▉▉[7m  [0m[7m  [0m[7m  [0m▉▉▉▉▉▉[7m  [0m▉▉[7m  [0m[7m  [0m
[7m  [0m[7m  [0m▉▉▉▉▉▉[7m  [0m▉▉▉▉[7m  [0m[7m  [0m[7m  [0m▉▉▉▉[7m  [0m▉▉▉▉[7m  [0m[7m  [0m▉▉▉▉[7m  [0m[7m  [0m[7m  [0m▉▉[7m  [0m▉▉▉▉[7m  [0m▉▉[7m  [0m[7m  [0m[7m  [0m[7m  [0m[7m  [0m[7m  [0m[7m  [0m[7m  [0m
[7m  [0m[7m  [0m[7m  [0m▉▉[7m  [0m▉▉▉▉[7m  [0m▉▉[7m  [0m[7m  [0m[7m  [0m▉▉▉▉[7m  [0m[7m  [0m[7m  [0m[7m  [0m▉▉[7m  [0m[7m  [0m▉▉[7m  [0m[7m  [0m[7m  [0m▉▉[7m  [0m[7m  [0m▉▉▉▉▉▉▉▉▉▉▉▉[7m  [0m[7m  [0m[7m  [0m
[7m  [0m[7m  [0m▉▉▉▉▉▉▉▉[7m  [0m▉▉[7m  [0m▉▉▉▉[7m  [0m[7m  [0m▉▉[7m  [0m[7m  [0m▉▉▉▉[7m  [0m[7m  [0m[7m  [0m▉▉▉▉▉▉▉▉[7m  [0m▉▉[7m  [0m[7m  [0m[7m  [0m[7m  [0m▉▉▉▉[7m  [0m[7m  [0m[7m  [0m[7m  [0m
[7m  [0m[7m  [0m▉▉[7m  [0m▉▉▉▉▉▉[7m  [0m▉▉[7m  [0m[7m  [0m[7m  [0m▉▉[7m  [0m[7m  [0m[7m  [0m▉▉▉▉[7m  [0m[7m  [0m▉▉▉▉▉▉[7m  [0m▉▉[7m  [0m▉▉[7m  [0m[7m  [0m▉▉▉▉[7m  [0m▉▉[7m  [0m▉▉[7m  [0m[7m  [0m
[7m  [0m[7m  [0m[7m  [0m▉▉▉▉[7m  [0m▉▉▉▉[7m  [0m▉▉▉▉▉▉▉▉▉▉[7m  [0m[7m  [0m▉▉[7m  [0m[7m  [0m▉▉[7m  [0m[7m  [0m▉▉[7m  [0m▉▉[7m  [0m[7m  [0m[7m  [0m[7m  [0m[7m  [0m[7m  [0m[7m  [0m[7m  [0m[7m  [0m▉▉[7m  [0m[7m  [0m
[7m  [0m[7m  [0m▉▉▉▉▉▉▉▉▉▉▉▉▉▉▉▉[7m  [0m[7m  [0m▉▉▉▉▉▉[7m  [0m[7m  [0m▉▉▉▉[7m  [0m[7m  [0m[7m  [0m[7m  [0m[7m  [0m[7m  [0m▉▉[7m  [0m▉▉▉▉▉▉[7m  [0m[7m  [0m▉▉[7m  [0m[7m  [0m[7m  [0m[7m  [0m
[7m  [0m[7m  [0m[7m  [0m[7m  [0m[7m  [0m[7m  [0m[7m  [0m[7m  [0m[7m  [0m▉▉[7m  [0m▉▉[7m  [0m▉▉▉▉[7m  [0m[7m  [0m[7m  [0m▉▉▉▉▉▉[7m  [0m▉▉[7m  [0m[7m  [0m[7m  [0m[7m  [0m▉▉[7m  [0m▉▉[7m  [0m▉▉▉▉▉▉[7m  [0m[7m  [0m[7m  [0m
[7m  [0m[7m  [0m[7m  [0m▉▉▉▉▉▉▉▉▉▉[7m  [0m▉▉[7m  [0m▉▉▉▉[7m  [0m▉▉▉▉[7m  [0m[7m  [0m[7m  [0m▉▉▉▉▉▉[7m  [0m[7m  [0m▉▉▉▉[7m  [0m▉▉▉▉▉▉[7m  [0m▉▉[7m  [0m[7m  [0m▉▉[7m  [0m[7m  [0m
[7m  [0m[7m  [0m[7m  [0m▉▉[7m  [0m[7m  [0m[7m  [0m▉▉[7m  [0m▉▉▉▉[7m  [0m▉▉[7m  [0m[7m  [0m[7m  [0m[7m  [0m[7m  [0m▉▉[7m  [0m▉▉▉▉▉▉▉▉▉▉▉▉[7m  [0m[7m  [0m[7m  [0m[7m  [0m[7m  [0m[7m  [0m[7m  [0m▉▉▉▉[7m  [0m[7m  [0m
[7m  [0m[7m  [0m[7m  [0m▉▉[7m  [0m[7m  [0m[7m  [0m▉▉[7m  [0m▉▉[7m  [0m[7m  [0m▉▉▉▉▉▉▉▉▉▉▉▉▉▉[7m  [0m[7m  [0m[7m  [0m▉▉▉▉▉▉[7m  [0m[7m  [0m▉▉▉▉[7m  [0m▉▉▉▉[7m  [0m[7m  [0m▉▉[7m  [0m[7m  [0m
[7m  [0m[7m  [0m[7m  [0m▉▉[7m  [0m[7m  [0m[7m  [0m▉▉[7m  [0m▉▉[7m  [0m[7m  [0m▉▉▉▉[7m  [0m[7m  [0m[7m  [0m▉▉▉▉▉▉[7m  [0m▉▉[7m  [0m▉▉[7m  [0m[7m  [0m▉▉[7m  [0m▉▉[7m  [0m[7m  [0m[7m  [0m▉▉▉▉▉▉[7m  [0m[7m  [0m
[7m  [0m[7m  [0m[7m  [0m▉▉▉▉▉▉▉▉▉▉[7m  [0m▉▉▉▉▉▉[7m  [0m▉▉[7m  [0m▉▉▉▉[7m  [0m[7m  [0m[7m  [0m[7m  [0m▉▉▉▉[7m  [0m[7m  [0m▉▉▉▉▉▉▉▉▉▉▉▉[7m  [0m[7m  [0m▉▉[7m  [0m[7m  [0m[7m  [0m
[7m  [0m[7m  [0m[7m  [0m[7m  [0m[7m  [0m[7m  [0m[7m  [0m[7m  [0m[7m  [0m▉▉[7m  [0m[7m  [0m[7m  [0m▉▉▉▉▉▉▉▉[7m  [0m▉▉▉▉[7m  [0m▉▉▉▉▉▉▉▉[7m  [0m[7m  [0m[7m  [0m▉▉▉▉[7m  [0m▉▉▉▉▉▉▉▉[7m  [0m[7m  [0m
[7m  [0m[7m  [0m[7m  [0m[7m  [0m[7m  [0m[7m  [0m[7m  [0m[7m  [0m[7m  [0m[7m  [0m[7m  [0m[7m  [0m[7m  [0m[7m  [0m[7m  [0m[7m  [0m[7m  [0m[7m  [0m[7m  [0m[7m  [0m[7m  [0m[7m  [0m[7m  [0m[7m  [0m[7m  [0m[7m  [0m[7m  [0m[7m  [0m[7m  [0m[7m  [0m[7m  [0m[7m  [0m[7m  [0m[7m  [0m[7m  [0m[7m  [0m[7m  [0m
[7m  [0m[7m  [0m[7m  [0m[7m  [0m[7m  [0m[7m  [0m[7m  [0m[7m  [0m[7m  [0m[7m  [0m[7m  [0m[7m  [0m[7m  [0m[7m  [0m[7m  [0m[7m  [0m[7m  [0m[7m  [0m[7m  [0m[7m  [0m[7m  [0m[7m  [0m[7m  [0m[7m  [0m[7m  [0m[7m  [0m[7m  [0m[7m  [0m[7m  [0m[7m  [0m[7m  [0m[7m  [0m[7m  [0m[7m  [0m[7m  [0m[7m  [0m[7m  [0m
[make] PASS：3 个渠道包 + 质检报告 + 二维码 + demo-prebuilt 兜底，exit 0
