==============================================================================
[matrix] 端到端矩阵门 mode=quick specs=[golden-match3.json] locales=[en] channels=[applovin,meta,mintegral,google,unity,tiktok] budget=<=90s
[matrix] 构建 OK：golden-match3×en（1,242,938B）
[matrix] 打包 OK：applovin/en index.html 1,242,934B（single-html）
[matrix] 打包 OK：meta/en index.html 1,242,901B（single-html）
[matrix] 打包 OK：mintegral/en golden-match3-en.zip 343,440B（zip）
[matrix] 打包 OK：google/en golden-match3-en.zip 343,276B（zip）
[matrix] 打包 OK：unity/en golden-match3-en.zip 343,287B（zip）
[matrix] 打包 OK：tiktok/en golden-match3-en.zip 343,950B（zip）
[matrix] 质检完成：6 包并行度 6（含单重试 0 格），阶段墙钟 40.2s
------------------------------------------------------------------------------
spec                  locale channel         bytes        上限  结果        质检墙钟
golden-match3.json    en     applovin    1,242,934 5,242,880  fail     38.0s
golden-match3.json    en     google        343,276 5,242,880  pass     39.5s
golden-match3.json    en     meta        1,242,901 3,145,728  pass     38.8s
golden-match3.json    en     mintegral     343,440 5,242,880  pass     39.7s
golden-match3.json    en     tiktok        343,950 5,242,880  fail     39.2s
golden-match3.json    en     unity         343,287 5,242,880  fail     39.8s
------------------------------------------------------------------------------
[matrix] 总墙钟 46.8s（预算 ≤90s），包 6：pass 3 / fail 3，skip 0
[matrix] summary.json：artifacts/matrix/summary.json
[matrix] FAIL golden-match3.json×en×applovin：qacore exit 1：qacore: index.html @ applovin -> D:\workspace\澄迈8项目\可玩的小游戏广告\factory\artifacts\matrix\golden-match3\applovin\en\index.report.json (4 请求, 1 FAIL, pf:end 29443ms)
[matrix] FAIL golden-match3.json×en×unity：qacore exit 1：qacore: index.html @ unity -> D:\workspace\澄迈8项目\可玩的小游戏广告\factory\artifacts\matrix\golden-match3\unity\en\index.report.json (4 请求, 1 FAIL, pf:end 30029ms)
[matrix] FAIL golden-match3.json×en×tiktok：qacore exit 1：qacore: index.html @ tiktok -> D:\workspace\澄迈8项目\可玩的小游戏广告\factory\artifacts\matrix\golden-match3\tiktok\en\index.report.json (4 请求, 1 FAIL, pf:end 29009ms)
[matrix] FAIL：矩阵 3 包质检未过（质检是唯一裁判）
